[2026-10-05 22:25:51] RemoteOps Agent started on TCP port 9410
[2026-10-05 22:26:00] Thread 140356374091456: Controller connected from 127.0.0.1
[2026-10-05 22:26:00] Thread 140356374091456: Command received: AUTH OPS-0416
[2026-10-05 22:26:00] Thread 140356374091456: Authentication successful
[2026-10-05 22:26:11] Thread 140356374091456: Command received: SYSINFO
[2026-10-05 22:26:11] Thread 140356374091456: SYSINFO
[2026-10-05 22:26:20] Thread 140356374091456: Command received: LISTPROC
[2026-10-05 22:26:20] Thread 140356374091456: LISTPROC
[2026-10-05 22:26:27] Thread 140356374091456: Command received: EXEC DATE
[2026-10-05 22:26:27] Thread 140356374091456: EXEC DATE
[2026-10-05 22:26:33] Thread 140356374091456: Command received: EXEC DATE
[2026-10-05 22:26:33] Thread 140356374091456: EXEC DATE
[2026-10-05 22:26:41] Thread 140356374091456: Command received: PUT test.txt 34
[2026-10-05 22:26:41] Thread 140356374091456: PUT test.txt (34 bytes)
[2026-10-05 22:26:50] Thread 140356374091456: Command received: GET test.txt
[2026-10-05 22:26:50] Thread 140356374091456: GET test.txt
[2026-10-05 22:27:01] Thread 140356374091456: Command received: MONITOR START 9411
[2026-10-05 22:27:01] Thread 140356374091456: MONITOR START 127.0.0.1:9411
[2026-10-05 22:27:20] Thread 140356374091456: Command received: MONITOR STOP
[2026-10-05 22:27:21] Thread 140356374091456: MONITOR STOP
[2026-10-05 22:27:31] Thread 140356374091456: Command received: QUIT
[2026-10-05 22:27:31] Thread 140356374091456: Controller requested disconnect
[2026-10-05 22:27:31] Thread 140356374091456: Client thread finished
